Microchip MPLAB XC8 Compiler V3.10

Linker command line:

-W-3 --edf=/opt/microchip/xc8/v3.10/pic/dat/20250813170317_en.msgs -cn \
  -h+dist/default/debug/SoftWareTest.X.debug.sym \
  --cmf=dist/default/debug/SoftWareTest.X.debug.cmf -z -Q16F886 \
  -o/tmp/xcXcMIPEL/driver_tmp_3.o --defsym=__MPLAB_BUILD=1 \
  --fixupoverflow=error -Mdist/default/debug/SoftWareTest.X.debug.map \
  --md=/tmp/xcXcMIPEL/driver_tmp_0.dat -E1 -ver=XC8 Compiler \
  -ACODE=00h-07FFhx4 -ASTRCODE=00h-01FFFh -ASTRING=00h-0FFhx32 \
  -ACONST=00h-0FFhx32 -AENTRY=00h-0FFhx32 -ACOMMON=070h-07Fh \
  -ABANK0=020h-06Fh -ABANK1=0A0h-0EFh -ABANK2=0110h-016Fh \
  -ABANK3=0190h-01EFh -ARAM=020h-06Fh,0A0h-0EFh,0110h-016Fh,0190h-01EFh \
  -AABS1=020h-07Fh,0A0h-0EFh,0110h-016Fh,0190h-01EFh -ASFR0=00h-01Fh \
  -ASFR1=080h-09Fh -ASFR2=0100h-010Fh -ASFR3=0180h-018Fh \
  -ACONFIG=02007h-02008h -DCONFIG=2 -AIDLOC=02000h-02003h -DIDLOC=2 \
  -AEEDATA=00h-0FFh/02100h -peeprom_data=EEDATA -DEEDATA=2 -DCODE=2 \
  -DSTRCODE=2 -DSTRING=2 -DCONST=2 -DENTRY=2 \
  -preset_vec=00h,intentry=04h,sivt,init,end_init -ppowerup=CODE \
  -pcinit=CODE -pfunctab=ENTRY -k /tmp/xcXcMIPEL/driver_tmp_12.o \
  dist/default/debug/SoftWareTest.X.debug.o 

Object code version is 3.11

Machine type is 16F886



                Name                               Link     Load   Length Selector   Space Scale
/tmp/xcXcMIPEL/driver_tmp_12.o
                end_init                             10       10        3        8       0
                reset_vec                             0        0        3        0       0
                config                             2007     2007        2        0       4
dist/default/debug/SoftWareTest.X.debug.o
                cinit                                13       13       3C        8       0
                intentry                              4        4        C        8       0
                config                             2007     2007        2        0       4
                text29                              A93      A93       51     1526       0
                text28                              59C      59C      1CA        8       0
                text27                              766      766       99        8       0
                text26                              9BE      9BE       29     137C       0
                text25                               4F       4F      342        8       0
                text24                              C23      C23       76     1846       0
                text23                              D13      D13       B6     1A26       0
                text22                              AE4      AE4       69     15C8       0
                text21                              A13      A13       32     1426       0
                text20                              B4D      B4D       6B     169A       0
                text19                              EA0      EA0      160     1D40       0
                text18                              8D0      8D0        8     11A0       0
                text17                              999      999       25     1332       0
                text16                              8E0      8E0        9     11C0       0
                text15                              8E9      8E9        9     11D2       0
                text14                              92E      92E       13     125C       0
                text13                              DC9      DC9       D7     1B92       0
                text12                              8F2      8F2        9     11E4       0
                text11                              A45      A45       4E     148A       0
                text10                              9E7      9E7       2C     13CE       0
                text9                               941      941       1B     1282       0
                text8                               91C      91C       12     1238       0
                text7                               97A      97A       1F     12F4       0
                text6                               C99      C99       7A     1932       0
                text5                               90D      90D        F     121A       0
                text4                               8FB      8FB        9     11F6       0
                text3                               904      904        9     1208       0
                text2                               BB8      BB8       6B     1770       0
                text1                               95C      95C       1E     12B8       0
                maintext                            391      391      20B        8       0
                cstackBANK0                          20       20       4D       20       1
                cstackCOMMON                         70       70        7       70       1
                cstackBANK1                          A0       A0       1F       A0       1
                clrtext                             8D8      8D8        8     11B0       0
                dataBANK1                            D1       D1        6       A0       1
                bssBANK1                             BF       BF       12       A0       1
                bssBANK0                             6D       6D        3       20       1
                bssCOMMON                            77       77        4       70       1
                idataBANK1                          8CA      8CA        6     1194       0

TOTAL           Name                               Link     Load   Length     Space
        CLASS   CODE           
                end_init                             10       10        3         0
                cinit                                13       13       3C         0
                intentry                              4        4        C         0
                reset_vec                             0        0        3         0
                text29                              A93      A93       51         0
                text28                              59C      59C      1CA         0
                text27                              766      766       99         0
                text26                              9BE      9BE       29         0
                text25                               4F       4F      342         0
                text24                              C23      C23       76         0
                text23                              D13      D13       B6         0
                text22                              AE4      AE4       69         0
                text21                              A13      A13       32         0
                text20                              B4D      B4D       6B         0
                text19                              EA0      EA0      160         0
                text18                              8D0      8D0        8         0
                text17                              999      999       25         0
                text16                              8E0      8E0        9         0
                text15                              8E9      8E9        9         0
                text14                              92E      92E       13         0
                text13                              DC9      DC9       D7         0
                text12                              8F2      8F2        9         0
                text11                              A45      A45       4E         0
                text10                              9E7      9E7       2C         0
                text9                               941      941       1B         0
                text8                               91C      91C       12         0
                text7                               97A      97A       1F         0
                text6                               C99      C99       7A         0
                text5                               90D      90D        F         0
                text4                               8FB      8FB        9         0
                text3                               904      904        9         0
                text2                               BB8      BB8       6B         0
                text1                               95C      95C       1E         0
                maintext                            391      391      20B         0
                clrtext                             8D8      8D8        8         0
                idataBANK1                          8CA      8CA        6         0

        CLASS   STRCODE        

        CLASS   STRING         

        CLASS   CONST          

        CLASS   ENTRY          

        CLASS   COMMON         
                cstackCOMMON                         70       70        7         1
                bssCOMMON                            77       77        4         1

        CLASS   BANK0          
                cstackBANK0                          20       20       4D         1
                bssBANK0                             6D       6D        3         1

        CLASS   BANK1          
                cstackBANK1                          A0       A0       1F         1
                dataBANK1                            D1       D1        6         1
                bssBANK1                             BF       BF       12         1

        CLASS   BANK2          

        CLASS   BANK3          

        CLASS   RAM            

        CLASS   ABS1           
                abs_s1                               7E       7E        2         1

        CLASS   SFR0           

        CLASS   SFR1           

        CLASS   SFR2           

        CLASS   SFR3           

        CLASS   CONFIG         
                config                             2007     2007        2         4

        CLASS   IDLOC          

        CLASS   EEDATA         

        CLASS   HEAP           

        CLASS   STACK          



SEGMENTS        Name                           Load    Length   Top    Selector   Space  Class     Delta

                text26                         0009BE  000029  0009E7      137C       0  CODE        2
                text10                         0009E7  00002C  000A13      13CE       0  CODE        2
                text17                         000999  000025  0009BE      1332       0  CODE        2
                text1                          00095C  00001E  00097A      12B8       0  CODE        2
                text7                          00097A  00001F  000999      12F4       0  CODE        2
                text21                         000A13  000032  000A45      1426       0  CODE        2
                text20                         000B4D  00006B  000BB8      169A       0  CODE        2
                text2                          000BB8  00006B  000C23      1770       0  CODE        2
                text22                         000AE4  000069  000B4D      15C8       0  CODE        2
                text11                         000A45  00004E  000A93      148A       0  CODE        2
                text29                         000A93  000051  000AE4      1526       0  CODE        2
                text9                          000941  00001B  00095C      1282       0  CODE        2
                text16                         0008E0  000009  0008E9      11C0       0  CODE        2
                text15                         0008E9  000009  0008F2      11D2       0  CODE        2
                clrtext                        0008D8  000008  0008E0      11B0       0  CODE        2
                idataBANK1                     0008CA  000006  0008D0      1194       0  CODE        2
                text18                         0008D0  000008  0008D8      11A0       0  CODE        2
                text12                         0008F2  000009  0008FB      11E4       0  CODE        2
                text8                          00091C  000012  00092E      1238       0  CODE        2
                text14                         00092E  000013  000941      125C       0  CODE        2
                text5                          00090D  00000F  00091C      121A       0  CODE        2
                text4                          0008FB  000009  000904      11F6       0  CODE        2
                text3                          000904  000009  00090D      1208       0  CODE        2
                text24                         000C23  000076  000C99      1846       0  CODE        2
                cstackCOMMON                   000070  00000B  00007B        70       1  COMMON      1
                reset_vec                      000000  000003  000003         0       0  CODE        2
                intentry                       000004  0007FB  0007FF         8       0  CODE        2
                cstackBANK0                    000020  000050  000070        20       1  BANK0       1
                text23                         000D13  0000B6  000DC9      1A26       0  CODE        2
                text13                         000DC9  0000D7  000EA0      1B92       0  CODE        2
                text6                          000C99  00007A  000D13      1932       0  CODE        2
                text19                         000EA0  000160  001000      1D40       0  CODE        2
                cstackBANK1                    0000A0  000037  0000D7        A0       1  BANK1       1


UNUSED ADDRESS RANGES

        Name                Unused          Largest block    Delta
        BANK1            00D7-00EF             19           1
        BANK2            0110-016F             60           1
        BANK3            0190-01EF             60           1
        CODE             0003-0003              1           2
                         07FF-08C9              1
                         1000-1FFF            800
        COMMON           007B-007D              3           1
        CONST            0003-0003              1           2
                         07FF-08C9              1
                         1000-1FFF            100
        EEDATA           2100-21FF            100           2
        ENTRY            0003-0003              1           2
                         07FF-08C9              1
                         1000-1FFF            100
        IDLOC            2000-2003              4           2
        RAM              00D7-00EF             19           1
                         0110-016F             60
                         0190-01EF             60
        SFR0             0000-001F             20           1
        SFR1             0080-009F             20           1
        SFR2             0100-010F             10           1
        SFR3             0180-018F             10           1
        STRCODE          0003-0003              1           2
                         07FF-08C9             CB
                         1000-1FFF           1000
        STRING           0003-0003              1           2
                         07FF-08C9              1
                         1000-1FFF            100

                                  Symbol Table

?_VEML_Read                cstackBANK0  0022
?__Umul8_16                cstackBANK0  0020
?___aldiv                  cstackBANK0  0020
?___fldiv                  cstackBANK0  002E
?___flmul                  cstackBANK0  002E
?___fltol                  cstackBANK0  0048
?___xxtofl                 cstackBANK0  0020
Check_UART_RX@buffer       cstackBANK0  005E
Check_UART_RX@cmd          cstackBANK0  0067
Check_UART_RX@data_len     cstackBANK0  006A
Check_UART_RX@h            cstackBANK0  0063
Check_UART_RX@i            cstackBANK0  0068
Check_UART_RX@len          cstackBANK0  0064
Check_UART_RX@val          cstackBANK0  0065
IAQ_read@buffer            cstackBANK0  0022
IAQ_read@i                 cstackBANK0  002F
VEML_Read@command          cstackBANK0  002A
VEML_Read@lsb              cstackBANK0  002B
VEML_Read@msb              cstackBANK0  002C
VEML_Read@resultado        cstackBANK0  0028
VEML_Write@command         cstackBANK0  0023
VEML_Write@data            cstackBANK0  0021
_ADCON0bits                (abs)        001F
_ADCON1bits                (abs)        009F
_ADRESH                    (abs)        001E
_ADRESL                    (abs)        009E
_ANSEL                     (abs)        0188
_ANSELH                    (abs)        0189
_BAUDCTLbits               (abs)        0187
_CCP1CONbits               (abs)        0017
_CCPR1L                    (abs)        0015
_Check_UART_RX             text19       0EA0
_IAQ_read                  text13       0DC9
_INTCONbits                (abs)        000B
_OPTION_REGbits            (abs)        0081
_OSCCONbits                (abs)        008F
_PIE1bits                  (abs)        008C
_PIR1bits                  (abs)        000C
_PORTCbits                 (abs)        0007
_PR2                       (abs)        0092
_RCREG                     (abs)        001A
_RCSTAbits                 (abs)        0018
_SPBRG                     (abs)        0099
_SPBRGH                    (abs)        009A
_SSPADD                    (abs)        0093
_SSPBUF                    (abs)        0013
_SSPCON                    (abs)        0014
_SSPCON2bits               (abs)        0091
_SSPSTAT                   (abs)        0094
_T2CONbits                 (abs)        0012
_TMR0                      (abs)        0001
_TRISAbits                 (abs)        0085
_TRISCbits                 (abs)        0087
_TXIF                      (abs)        0064
_TXREG                     (abs)        0019
_TXSTAbits                 (abs)        0098
_VEML_Read                 text11       0A45
_VEML_Setup                text9        0941
_VEML_Write                text10       09E7
__H__absolute__            __absolute__ 0000
__Habs1                    abs1         0000
__Hbank0                   bank0        0000
__Hbank1                   bank1        0000
__Hbank2                   bank2        0000
__Hbank3                   bank3        0000
__HbssBANK0                bssBANK0     0000
__HbssBANK1                bssBANK1     0000
__HbssCOMMON               bssCOMMON    0000
__Hcinit                   cinit        004F
__Hclrtext                 clrtext      0000
__Hcode                    code         0000
__Hcommon                  common       0000
__Hconfig                  config       2009
__HcstackBANK0             cstackBANK0  0000
__HcstackBANK1             cstackBANK1  0000
__HcstackCOMMON            cstackCOMMON 0000
__HdataBANK1               dataBANK1    0000
__Heeprom_data             eeprom_data  0000
__Hend_init                end_init     0013
__Hfunctab                 functab      0000
__Hheap                    heap         0000
__HidataBANK1              idataBANK1   0000
__Hinit                    init         0010
__Hintentry                intentry     0010
__Hmaintext                maintext     0000
__Hpowerup                 powerup      0000
__Hram                     ram          0000
__Hreset_vec               reset_vec    0003
__Hsfr0                    sfr0         0000
__Hsfr1                    sfr1         0000
__Hsfr2                    sfr2         0000
__Hsfr3                    sfr3         0000
__Hsivt                    sivt         0010
__Hspace_0                 (abs)        1000
__Hspace_1                 (abs)        00D7
__Hspace_2                 (abs)        0000
__Hspace_3                 (abs)        0000
__Hspace_4                 (abs)        4010
__Hstack                   stack        0000
__Hstrings                 strings      0000
__Htext                    text         0000
__L__absolute__            __absolute__ 0000
__Labs1                    abs1         0000
__Lbank0                   bank0        0000
__Lbank1                   bank1        0000
__Lbank2                   bank2        0000
__Lbank3                   bank3        0000
__LbssBANK0                bssBANK0     0000
__LbssBANK1                bssBANK1     0000
__LbssCOMMON               bssCOMMON    0000
__Lcinit                   cinit        0013
__Lclrtext                 clrtext      0000
__Lcode                    code         0000
__Lcommon                  common       0000
__Lconfig                  config       0000
__LcstackBANK0             cstackBANK0  0000
__LcstackBANK1             cstackBANK1  0000
__LcstackCOMMON            cstackCOMMON 0000
__LdataBANK1               dataBANK1    0000
__Leeprom_data             eeprom_data  0000
__Lend_init                end_init     0010
__Lfunctab                 functab      0000
__Lheap                    heap         0000
__LidataBANK1              idataBANK1   0000
__Linit                    init         0010
__Lintentry                intentry     0004
__Lmaintext                maintext     0000
__Lpowerup                 powerup      0000
__Lram                     ram          0000
__Lreset_vec               reset_vec    0000
__Lsfr0                    sfr0         0000
__Lsfr1                    sfr1         0000
__Lsfr2                    sfr2         0000
__Lsfr3                    sfr3         0000
__Lsivt                    sivt         0010
__Lspace_0                 (abs)        0000
__Lspace_1                 (abs)        0000
__Lspace_2                 (abs)        0000
__Lspace_3                 (abs)        0000
__Lspace_4                 (abs)        0000
__Lstack                   stack        0000
__Lstrings                 strings      0000
__Ltext                    text         0000
__S0                       (abs)        1000
__S1                       (abs)        00D7
__S3                       (abs)        0000
__Umul8_16                 text26       09BE
__Umul8_16@multiplicand    cstackBANK0  0020
__Umul8_16@multiplier      cstackBANK0  0028
__Umul8_16@product         cstackBANK0  0024
__Umul8_16@word_mpld       cstackBANK0  0026
___aldiv                   text27       0766
___aldiv@counter           cstackBANK0  0029
___aldiv@dividend          cstackBANK0  0024
___aldiv@divisor           cstackBANK0  0020
___aldiv@quotient          cstackBANK0  002B
___aldiv@sign              cstackBANK0  002A
___fldiv                   text28       059C
___fldiv@a                 cstackBANK0  002E
___fldiv@aexp              cstackBANK0  0047
___fldiv@b                 cstackBANK0  0032
___fldiv@bexp              cstackBANK0  0046
___fldiv@grs               cstackBANK0  0042
___fldiv@new_exp           cstackBANK0  0040
___fldiv@rem               cstackBANK0  003B
___fldiv@sign              cstackBANK0  003F
___flmul                   text25       004F
___flmul@a                 cstackBANK0  0032
___flmul@aexp              cstackBANK0  0040
___flmul@b                 cstackBANK0  002E
___flmul@bexp              cstackBANK0  0041
___flmul@grs               cstackBANK0  003C
___flmul@prod              cstackBANK0  0042
___flmul@sign              cstackBANK0  003B
___flmul@temp              cstackBANK0  0046
___fltol                   text24       0C23
___fltol@exp1              cstackBANK0  0051
___fltol@f1                cstackBANK0  0048
___fltol@sign1             cstackBANK0  0050
___heap_hi                 (abs)        0000
___heap_lo                 (abs)        0000
___int_sp                  stack        0000
___int_stack_hi            stack        0000
___int_stack_lo            stack        0000
___latbits                 (abs)        0002
___sp                      stack        0000
___stack_hi                stack        0000
___stack_lo                stack        0000
___stackhi                 (abs)        0000
___stacklo                 (abs)        0000
___xxtofl                  text23       0D13
___xxtofl@arg              cstackBANK0  002A
___xxtofl@exp              cstackBANK0  0029
___xxtofl@sign             cstackBANK0  0028
___xxtofl@val              cstackBANK0  0020
__end_of_Check_UART_RX     text19       1000
__end_of_IAQ_read          text13       0EA0
__end_of_VEML_Read         text11       0A93
__end_of_VEML_Setup        text9        095C
__end_of_VEML_Write        text10       0A13
__end_of__Umul8_16         text26       09E7
__end_of___aldiv           text27       07FF
__end_of___fldiv           text28       0766
__end_of___flmul           text25       0391
__end_of___fltol           text24       0C99
__end_of___xxtofl          text23       0DC9
__end_of__initialization   cinit        004B
__end_of_i2c_init_setup    text8        092E
__end_of_i2c_read          text17       09BE
__end_of_i2c_rstart        text12       08FB
__end_of_i2c_start         text16       08E9
__end_of_i2c_stop          text15       08F2
__end_of_i2c_write         text14       0941
__end_of_init_ADC          text7        0999
__end_of_init_PWM          text6        0D13
__end_of_init_TMR0         text5        091C
__end_of_init_spi          text4        0904
__end_of_interrupt_manager text29       0AE4
__end_of_main              maintext     059C
__end_of_send_frame        text2        0C23
__end_of_set_PWM           text22       0B4D
__end_of_set_leds          text20       0BB8
__end_of_spi_write_read    text21       0A45
__end_of_uart_init         text1        097A
__end_of_uart_write        text3        090D
__end_of_wait_MSSP         text18       08D8
__initialization           cinit        0013
__pbssBANK0                bssBANK0     006D
__pbssBANK1                bssBANK1     00BF
__pbssCOMMON               bssCOMMON    0077
__pcstackBANK0             cstackBANK0  0020
__pcstackBANK1             cstackBANK1  00A0
__pcstackCOMMON            cstackCOMMON 0070
__pdataBANK1               dataBANK1    00D1
__pidataBANK1              idataBANK1   08CA
__pintentry                intentry     0004
__pmaintext                maintext     0391
__ptext1                   text1        095C
__ptext10                  text10       09E7
__ptext11                  text11       0A45
__ptext12                  text12       08F2
__ptext13                  text13       0DC9
__ptext14                  text14       092E
__ptext15                  text15       08E9
__ptext16                  text16       08E0
__ptext17                  text17       0999
__ptext18                  text18       08D0
__ptext19                  text19       0EA0
__ptext2                   text2        0BB8
__ptext20                  text20       0B4D
__ptext21                  text21       0A13
__ptext22                  text22       0AE4
__ptext23                  text23       0D13
__ptext24                  text24       0C23
__ptext25                  text25       004F
__ptext26                  text26       09BE
__ptext27                  text27       0766
__ptext28                  text28       059C
__ptext29                  text29       0A93
__ptext3                   text3        0904
__ptext4                   text4        08FB
__ptext5                   text5        090D
__ptext6                   text6        0C99
__ptext7                   text7        097A
__ptext8                   text8        091C
__ptext9                   text9        0941
_azul                      bssBANK1     00C9
_canal_actual              bssCOMMON    0079
_co2_prediction            bssBANK1     00CF
_conversion_lista          bssCOMMON    0077
_i2c_init_setup            text8        091C
_i2c_read                  text17       0999
_i2c_rstart                text12       08F2
_i2c_start                 text16       08E0
_i2c_stop                  text15       08E9
_i2c_write                 text14       092E
_iaq_status                bssBANK0     006F
_init_ADC                  text7        097A
_init_PWM                  text6        0C99
_init_TMR0                 text5        090D
_init_spi                  text4        08FB
_intensity                 dataBANK1    00D5
_interrupt_manager         text29       0A93
_lecturas                  bssBANK1     00BF
_main                      maintext     0391
_resistance                bssBANK1     00C5
_rojo                      bssBANK1     00CD
_send_frame                text2        0BB8
_set_PWM                   text22       0AE4
_set_leds                  text20       0B4D
_spi_write_read            text21       0A13
_tvoc_prediction           bssBANK0     006D
_uart_init                 text1        095C
_uart_write                text3        0904
_velocidad_pwm             dataBANK1    00D1
_verde                     bssBANK1     00CB
_wait_MSSP                 text18       08D0
btemp                      (abs)        007E
btemp0                     (abs)        007E
btemp1                     (abs)        007F
clear_ram0                 clrtext      08D8
end_of_initialization      cinit        004B
i2c_read@I2C_data          cstackBANK0  0021
i2c_read@master_ack        cstackBANK0  0020
i2c_write@I2C_data         cstackBANK0  0020
init_PWM@freq              cstackBANK0  0052
init_PWM@porcentaje        cstackBANK0  0054
interrupt_function         intentry     0004
interrupt_manager@valor    cstackCOMMON 0075
intlevel0                  functab      0000
intlevel1                  functab      0000
intlevel2                  functab      0000
intlevel3                  functab      0000
intlevel4                  functab      0000
intlevel5                  functab      0000
ltemp0a                    (abs)        0080
main@adc_noise             cstackBANK1  00B4
main@buffer                cstackBANK1  00A0
main@count                 cstackBANK1  00B9
main@fan_percent           cstackBANK1  00AF
main@hum_int               cstackBANK1  00B2
main@k                     cstackBANK1  00B7
main@lux_int               cstackBANK1  00B0
main@lux_value             cstackBANK1  00A9
main@luz_raw               cstackBANK1  00AD
main@noise_category        cstackBANK1  00B6
main@payload               cstackBANK1  00BB
reset_vec                  reset_vec    0000
saved_w                    (abs)        007E
send_frame@command         cstackBANK0  0027
send_frame@data            cstackBANK0  0023
send_frame@i               cstackBANK0  0028
send_frame@length          cstackBANK0  0022
set_PWM@freq               cstackBANK0  0052
set_PWM@porcentaje         cstackBANK0  0054
set_leds@blue              cstackBANK0  0028
set_leds@green             cstackBANK0  0026
set_leds@i                 cstackBANK0  002C
set_leds@intensity         cstackBANK0  002A
set_leds@red               cstackBANK0  0024
spi_write_read@answer      cstackBANK0  0022
spi_write_read@one_byte    cstackBANK0  0021
spi_write_read@x           cstackBANK0  0023
start                      init         0010
start_initialization       cinit        0013
ttemp0a                    (abs)        007F
uart_write@c               cstackBANK0  0020
wtemp0                     (abs)        007E
wtemp0a                    (abs)        007F


MODULE INFORMATION

Module		Function		Class		Link	Load	Size
../../Code/main.c
		_VEML_Write    		CODE           	09E7	0000	44
		_i2c_init_setup		CODE           	091C	0000	18
		_init_TMR0     		CODE           	090D	0000	15
		_main          		CODE           	0391	0000	523
		_VEML_Read     		CODE           	0A45	0000	78
		_Check_UART_RX 		CODE           	0EA0	0000	352
		_VEML_Setup    		CODE           	0941	0000	27
		_set_leds      		CODE           	0B4D	0000	107
		_interrupt_manager		CODE           	0A93	0000	81
		_IAQ_read      		CODE           	0DC9	0000	215

../../Code/main.c estimated size: 1460

../../Functions/adc-v1.c
		_init_ADC      		CODE           	097A	0000	31

../../Functions/adc-v1.c estimated size: 31

shared
		__initialization		CODE           	0013	0000	56

shared estimated size: 56

/opt/microchip/xc8/v3.10/pic/sources/c99/common/fltol.c
		___fltol       		CODE           	0C23	0000	118

/opt/microchip/xc8/v3.10/pic/sources/c99/common/fltol.c estimated size: 118

../../Functions/pwm-v1.c
		_set_PWM       		CODE           	0AE4	0000	105
		_init_PWM      		CODE           	0C99	0000	122

../../Functions/pwm-v1.c estimated size: 227

/opt/microchip/xc8/v3.10/pic/sources/c99/common/aldiv.c
		___aldiv       		CODE           	0766	0000	153

/opt/microchip/xc8/v3.10/pic/sources/c99/common/aldiv.c estimated size: 153

../../Functions/spi-master-v1.c
		_init_spi      		CODE           	08FB	0000	9
		_spi_write_read		CODE           	0A13	0000	50

../../Functions/spi-master-v1.c estimated size: 59

/opt/microchip/xc8/v3.10/pic/sources/c99/common/sprcmul.c
		___flmul       		CODE           	004F	0000	834

/opt/microchip/xc8/v3.10/pic/sources/c99/common/sprcmul.c estimated size: 834

/opt/microchip/xc8/v3.10/pic/sources/c99/common/sprcdiv.c
		___fldiv       		CODE           	059C	0000	458

/opt/microchip/xc8/v3.10/pic/sources/c99/common/sprcdiv.c estimated size: 458

../../Functions/i2c-v2.c
		_i2c_start     		CODE           	08E0	0000	9
		_i2c_write     		CODE           	092E	0000	19
		_i2c_rstart    		CODE           	08F2	0000	9
		_i2c_stop      		CODE           	08E9	0000	9
		_i2c_read      		CODE           	0999	0000	37
		_wait_MSSP     		CODE           	08D0	0000	8

../../Functions/i2c-v2.c estimated size: 91

/opt/microchip/xc8/v3.10/pic/sources/c99/common/xxtofl.c
		___xxtofl      		CODE           	0D13	0000	182

/opt/microchip/xc8/v3.10/pic/sources/c99/common/xxtofl.c estimated size: 182

../../Functions/uart-v1.c
		_uart_write    		CODE           	0904	0000	9
		_uart_init     		CODE           	095C	0000	30
		_send_frame    		CODE           	0BB8	0000	107

../../Functions/uart-v1.c estimated size: 146

/opt/microchip/xc8/v3.10/pic/sources/c99/common/Umul8_16.c
		__Umul8_16     		CODE           	09BE	0000	41

/opt/microchip/xc8/v3.10/pic/sources/c99/common/Umul8_16.c estimated size: 41

